D:\Dream\ZenKnowledgeForge\ZenKnowledgeForge\venv\Scripts\python.exe : 2026-01-17 23:40:21 - __main__ - INFO 
- Loading configuration...
At line:1 char:81
+ ... ledgeForge; D:\Dream\ZenKnowledgeForge\ZenKnowledgeForge\venv\Scripts ...
+                 ~~~~~~~~~~~~~~~~~~~~~~~~~~~~~~~~~~~~~~~~~~~~~~~~~~~~~~~~~
    + CategoryInfo          : NotSpecified: (2026-01-17 23:4...onfiguration...:String) [], RemoteException
    + FullyQualifiedErrorId : NativeCommandError
 
=== ZenKnowledgeForge ===
Local-first deliberative multi-agent LLM system

Configuration:
  Mode: research
  Ollama URL: http://localhost:11434
  Output Dir: outputs
  Log Level: INFO


Γ£ô Configuration valid
